
DELL@DESKTOP-J9PO43N MINGW64 ~/Desktop/Go My Code/checkpoint6/learn_git_again
$ tache third.txt
bash: tache: command not found

DELL@DESKTOP-J9PO43N MINGW64 ~/Desktop/Go My Code/checkpoint6/learn_git_again
$ touch third.txt

DELL@DESKTOP-J9PO43N MINGW64 ~/Desktop/Go My Code/checkpoint6/learn_git_again
$ git init
Initialized empty Git repository in C:/Users/DELL/Desktop/Go My Code/checkpoint6/learn_git_again/.git/

DELL@DESKTOP-J9PO43N MINGW64 ~/Desktop/Go My Code/checkpoint6/learn_git_again (master)
$ git add thrid.txt
fatal: pathspec 'thrid.txt' did not match any files

DELL@DESKTOP-J9PO43N MINGW64 ~/Desktop/Go My Code/checkpoint6/learn_git_again (master)
$ git add third.txt

DELL@DESKTOP-J9PO43N MINGW64 ~/Desktop/Go My Code/checkpoint6/learn_git_again (master)
$ git commit-m 'log'
git: 'commit-m' is not a git command. See 'git --help'.

The most similar command is
        commit-tree

DELL@DESKTOP-J9PO43N MINGW64 ~/Desktop/Go My Code/checkpoint6/learn_git_again (master)
$ git log
fatal: your current branch 'master' does not have any commits yet

DELL@DESKTOP-J9PO43N MINGW64 ~/Desktop/Go My Code/checkpoint6/learn_git_again (master)
$ git commit-m 'third.txt'
git: 'commit-m' is not a git command. See 'git --help'.

The most similar command is
        commit-tree

DELL@DESKTOP-J9PO43N MINGW64 ~/Desktop/Go My Code/checkpoint6/learn_git_again (master)
$ git commit-m "adding third.txt"
git: 'commit-m' is not a git command. See 'git --help'.

The most similar command is
        commit-tree

DELL@DESKTOP-J9PO43N MINGW64 ~/Desktop/Go My Code/checkpoint6/learn_git_again (master)
$ git commit -m "adding third.txt"
[master (root-commit) 8eb1d11] adding third.txt
 1 file changed, 0 insertions(+), 0 deletions(-)
 create mode 100644 third.txt

DELL@DESKTOP-J9PO43N MINGW64 ~/Desktop/Go My Code/checkpoint6/learn_git_again (master)
$ git log
commit 8eb1d115c5ffb74317383223df34921b2cb52802 (HEAD -> master)
Author: bassmltaief <bassem.ltaief92@gmail.com>
Date:   Tue Jan 12 15:15:52 2021 +0100

    adding third.txt

DELL@DESKTOP-J9PO43N MINGW64 ~/Desktop/Go My Code/checkpoint6/learn_git_again (master)
$ touch fourth.txt

DELL@DESKTOP-J9PO43N MINGW64 ~/Desktop/Go My Code/checkpoint6/learn_git_again (master)
$ git commit -m "adding fourth.txt"
On branch master
Untracked files:
  (use "git add <file>..." to include in what will be committed)
        fourth.txt

nothing added to commit but untracked files present (use "git add" to track)

DELL@DESKTOP-J9PO43N MINGW64 ~/Desktop/Go My Code/checkpoint6/learn_git_again (master)
$ git rm third.txt
rm 'third.txt'

DELL@DESKTOP-J9PO43N MINGW64 ~/Desktop/Go My Code/checkpoint6/learn_git_again (master)
$ git commit -m
error: switch `m' requires a value

DELL@DESKTOP-J9PO43N MINGW64 ~/Desktop/Go My Code/checkpoint6/learn_git_again (master)
$ git commit add
error: pathspec 'add' did not match any file(s) known to git

DELL@DESKTOP-J9PO43N MINGW64 ~/Desktop/Go My Code/checkpoint6/learn_git_again (master)
$ git add
Nothing specified, nothing added.
hint: Maybe you wanted to say 'git add .'?
hint: Turn this message off by running
hint: "git config advice.addEmptyPathspec false"

DELL@DESKTOP-J9PO43N MINGW64 ~/Desktop/Go My Code/checkpoint6/learn_git_again (master)
$ git commit -m "update"
[master 7e49af1] update
 1 file changed, 0 insertions(+), 0 deletions(-)
 delete mode 100644 third.txt

DELL@DESKTOP-J9PO43N MINGW64 ~/Desktop/Go My Code/checkpoint6/learn_git_again (master)
$ git log
commit 7e49af1fb4f03ba2b5dde912ea04800550239ca3 (HEAD -> master)
Author: bassmltaief <bassem.ltaief92@gmail.com>
Date:   Tue Jan 12 15:20:09 2021 +0100

    update

commit 8eb1d115c5ffb74317383223df34921b2cb52802
Author: bassmltaief <bassem.ltaief92@gmail.com>
Date:   Tue Jan 12 15:15:52 2021 +0100

    adding third.txt

DELL@DESKTOP-J9PO43N MINGW64 ~/Desktop/Go My Code/checkpoint6/learn_git_again (master)
$ git config --global core.pager cat

DELL@DESKTOP-J9PO43N MINGW64 ~/Desktop/Go My Code/checkpoint6/learn_git_again (master)
$ git config --list
diff.astextplain.textconv=astextplain
filter.lfs.clean=git-lfs clean -- %f
filter.lfs.smudge=git-lfs smudge -- %f
filter.lfs.process=git-lfs filter-process
filter.lfs.required=true
http.sslbackend=openssl
http.sslcainfo=C:/Program Files/Git/mingw64/ssl/certs/ca-bundle.crt
core.autocrlf=true
core.fscache=true
core.symlinks=false
pull.rebase=false
credential.helper=manager-core
credential.https://dev.azure.com.usehttppath=true
user.email=bassem.ltaief92@gmail.com
user.name=bassmltaief
core.pager=cat
core.repositoryformatversion=0
core.filemode=false
core.bare=false
core.logallrefupdates=true
core.symlinks=false
core.ignorecase=true

DELL@DESKTOP-J9PO43N MINGW64 ~/Desktop/Go My Code/checkpoint6/learn_git_again (master)
$ git config --global
usage: git config [<options>]

Config file location
    --global              use global config file
    --system              use system config file
    --local               use repository config file
    --worktree            use per-worktree config file
    -f, --file <file>     use given config file
    --blob <blob-id>      read config from given blob object

Action
    --get                 get value: name [value-regex]
    --get-all             get all values: key [value-regex]
    --get-regexp          get values for regexp: name-regex [value-regex]
    --get-urlmatch        get value specific for the URL: section[.var] URL
    --replace-all         replace all matching variables: name value [value_regex]
    --add                 add a new variable: name value
    --unset               remove a variable: name [value-regex]
    --unset-all           remove all matches: name [value-regex]
    --rename-section      rename section: old-name new-name
    --remove-section      remove a section: name
    -l, --list            list all
    -e, --edit            open an editor
    --get-color           find the color configured: slot [default]
    --get-colorbool       find the color setting: slot [stdout-is-tty]

Type
    -t, --type <>         value is given this type
    --bool                value is "true" or "false"
    --int                 value is decimal number
    --bool-or-int         value is --bool or --int
    --bool-or-str         value is --bool or string
    --path                value is a path (file or directory name)
    --expiry-date         value is an expiry date

Other
    -z, --null            terminate values with NUL byte
    --name-only           show variable names only
    --includes            respect include directives on lookup
    --show-origin         show origin of config (file, standard input, blob, command line)
    --show-scope          show scope of config (worktree, local, global, system, command)
    --default <value>     with --get, use default value when missing entry


DELL@DESKTOP-J9PO43N MINGW64 ~/Desktop/Go My Code/checkpoint6/learn_git_again (master)
$
